Analysis & Synthesis report for top
Tue Aug 22 14:10:27 2023
Quartus II 64-Bit Version 13.1.0 Build 162 10/23/2013 SJ Web Edition


---------------------
; Table of Contents ;
---------------------
  1. Legal Notice
  2. Analysis & Synthesis Summary
  3. Analysis & Synthesis Settings
  4. Parallel Compilation
  5. Analysis & Synthesis Source Files Read
  6. Analysis & Synthesis Resource Usage Summary
  7. Analysis & Synthesis Resource Utilization by Entity
  8. State Machine - |top|encorder:dut_encorder|state
  9. State Machine - |top|decorder:d1|state
 10. State Machine - |top|uart:dut_uart|tx:dut_tx|tx_state
 11. State Machine - |top|uart:dut_uart|rx:dut_rx|rx_state
 12. Registers Removed During Synthesis
 13. Removed Registers Triggering Further Register Optimizations
 14. General Register Statistics
 15. Inverted Register Statistics
 16. Multiplexer Restructuring Statistics (Restructuring Performed)
 17. Parameter Settings for User Entity Instance: alu:dut_alu|delay:dut_delay
 18. Port Connectivity Checks: "encorder:dut_encorder|gen_en:dut_gen_en"
 19. Port Connectivity Checks: "alu:dut_alu|cla_32bit:dut_cla_32bit_s_s"
 20. Port Connectivity Checks: "alu:dut_alu|cla_32bit:dut_cla_32bit_a_s"
 21. Port Connectivity Checks: "alu:dut_alu|cla_16bit:dut_cla_16bit_s_u"
 22. Port Connectivity Checks: "alu:dut_alu|cla_16bit:dut_cla_16bit_a_u"
 23. Elapsed Time Per Partition
 24. Analysis & Synthesis Messages
 25. Analysis & Synthesis Suppressed Messages



----------------
; Legal Notice ;
----------------
Copyright (C) 1991-2013 Altera Corporation
Your use of Altera Corporation's design tools, logic functions 
and other software and tools, and its AMPP partner logic 
functions, and any output files from any of the foregoing 
(including device programming or simulation files), and any 
associated documentation or information are expressly subject 
to the terms and conditions of the Altera Program License 
Subscription Agreement, Altera MegaCore Function License 
Agreement, or other applicable license agreement, including, 
without limitation, that your use is for the sole purpose of 
programming logic devices manufactured by Altera and sold by 
Altera or its authorized distributors.  Please refer to the 
applicable agreement for further details.



+---------------------------------------------------------------------------------+
; Analysis & Synthesis Summary                                                    ;
+------------------------------------+--------------------------------------------+
; Analysis & Synthesis Status        ; Successful - Tue Aug 22 14:10:26 2023      ;
; Quartus II 64-Bit Version          ; 13.1.0 Build 162 10/23/2013 SJ Web Edition ;
; Revision Name                      ; top                                        ;
; Top-level Entity Name              ; top                                        ;
; Family                             ; Cyclone IV E                               ;
; Total logic elements               ; 1,046                                      ;
;     Total combinational functions  ; 943                                        ;
;     Dedicated logic registers      ; 447                                        ;
; Total registers                    ; 447                                        ;
; Total pins                         ; 4                                          ;
; Total virtual pins                 ; 0                                          ;
; Total memory bits                  ; 0                                          ;
; Embedded Multiplier 9-bit elements ; 0                                          ;
; Total PLLs                         ; 0                                          ;
+------------------------------------+--------------------------------------------+


+----------------------------------------------------------------------------------------------------------------------+
; Analysis & Synthesis Settings                                                                                        ;
+----------------------------------------------------------------------------+--------------------+--------------------+
; Option                                                                     ; Setting            ; Default Value      ;
+----------------------------------------------------------------------------+--------------------+--------------------+
; Device                                                                     ; EP4CE115F29C7      ;                    ;
; Top-level entity name                                                      ; top                ; top                ;
; Family name                                                                ; Cyclone IV E       ; Cyclone IV GX      ;
; Use smart compilation                                                      ; Off                ; Off                ;
; Enable parallel Assembler and TimeQuest Timing Analyzer during compilation ; On                 ; On                 ;
; Enable compact report table                                                ; Off                ; Off                ;
; Restructure Multiplexers                                                   ; Auto               ; Auto               ;
; Create Debugging Nodes for IP Cores                                        ; Off                ; Off                ;
; Preserve fewer node names                                                  ; On                 ; On                 ;
; Disable OpenCore Plus hardware evaluation                                  ; Off                ; Off                ;
; Verilog Version                                                            ; Verilog_2001       ; Verilog_2001       ;
; VHDL Version                                                               ; VHDL_1993          ; VHDL_1993          ;
; State Machine Processing                                                   ; Auto               ; Auto               ;
; Safe State Machine                                                         ; Off                ; Off                ;
; Extract Verilog State Machines                                             ; On                 ; On                 ;
; Extract VHDL State Machines                                                ; On                 ; On                 ;
; Ignore Verilog initial constructs                                          ; Off                ; Off                ;
; Iteration limit for constant Verilog loops                                 ; 5000               ; 5000               ;
; Iteration limit for non-constant Verilog loops                             ; 250                ; 250                ;
; Add Pass-Through Logic to Inferred RAMs                                    ; On                 ; On                 ;
; Infer RAMs from Raw Logic                                                  ; On                 ; On                 ;
; Parallel Synthesis                                                         ; On                 ; On                 ;
; DSP Block Balancing                                                        ; Auto               ; Auto               ;
; NOT Gate Push-Back                                                         ; On                 ; On                 ;
; Power-Up Don't Care                                                        ; On                 ; On                 ;
; Remove Redundant Logic Cells                                               ; Off                ; Off                ;
; Remove Duplicate Registers                                                 ; On                 ; On                 ;
; Ignore CARRY Buffers                                                       ; Off                ; Off                ;
; Ignore CASCADE Buffers                                                     ; Off                ; Off                ;
; Ignore GLOBAL Buffers                                                      ; Off                ; Off                ;
; Ignore ROW GLOBAL Buffers                                                  ; Off                ; Off                ;
; Ignore LCELL Buffers                                                       ; Off                ; Off                ;
; Ignore SOFT Buffers                                                        ; On                 ; On                 ;
; Limit AHDL Integers to 32 Bits                                             ; Off                ; Off                ;
; Optimization Technique                                                     ; Balanced           ; Balanced           ;
; Carry Chain Length                                                         ; 70                 ; 70                 ;
; Auto Carry Chains                                                          ; On                 ; On                 ;
; Auto Open-Drain Pins                                                       ; On                 ; On                 ;
; Perform WYSIWYG Primitive Resynthesis                                      ; Off                ; Off                ;
; Auto ROM Replacement                                                       ; On                 ; On                 ;
; Auto RAM Replacement                                                       ; On                 ; On                 ;
; Auto DSP Block Replacement                                                 ; On                 ; On                 ;
; Auto Shift Register Replacement                                            ; Auto               ; Auto               ;
; Allow Shift Register Merging across Hierarchies                            ; Auto               ; Auto               ;
; Auto Clock Enable Replacement                                              ; On                 ; On                 ;
; Strict RAM Replacement                                                     ; Off                ; Off                ;
; Allow Synchronous Control Signals                                          ; On                 ; On                 ;
; Force Use of Synchronous Clear Signals                                     ; Off                ; Off                ;
; Auto RAM Block Balancing                                                   ; On                 ; On                 ;
; Auto RAM to Logic Cell Conversion                                          ; Off                ; Off                ;
; Auto Resource Sharing                                                      ; Off                ; Off                ;
; Allow Any RAM Size For Recognition                                         ; Off                ; Off                ;
; Allow Any ROM Size For Recognition                                         ; Off                ; Off                ;
; Allow Any Shift Register Size For Recognition                              ; Off                ; Off                ;
; Use LogicLock Constraints during Resource Balancing                        ; On                 ; On                 ;
; Ignore translate_off and synthesis_off directives                          ; Off                ; Off                ;
; Timing-Driven Synthesis                                                    ; On                 ; On                 ;
; Report Parameter Settings                                                  ; On                 ; On                 ;
; Report Source Assignments                                                  ; On                 ; On                 ;
; Report Connectivity Checks                                                 ; On                 ; On                 ;
; Ignore Maximum Fan-Out Assignments                                         ; Off                ; Off                ;
; Synchronization Register Chain Length                                      ; 2                  ; 2                  ;
; PowerPlay Power Optimization                                               ; Normal compilation ; Normal compilation ;
; HDL message level                                                          ; Level2             ; Level2             ;
; Suppress Register Optimization Related Messages                            ; Off                ; Off                ;
; Number of Removed Registers Reported in Synthesis Report                   ; 5000               ; 5000               ;
; Number of Swept Nodes Reported in Synthesis Report                         ; 5000               ; 5000               ;
; Number of Inverted Registers Reported in Synthesis Report                  ; 100                ; 100                ;
; Clock MUX Protection                                                       ; On                 ; On                 ;
; Auto Gated Clock Conversion                                                ; Off                ; Off                ;
; Block Design Naming                                                        ; Auto               ; Auto               ;
; SDC constraint protection                                                  ; Off                ; Off                ;
; Synthesis Effort                                                           ; Auto               ; Auto               ;
; Shift Register Replacement - Allow Asynchronous Clear Signal               ; On                 ; On                 ;
; Pre-Mapping Resynthesis Optimization                                       ; Off                ; Off                ;
; Analysis & Synthesis Message Level                                         ; Medium             ; Medium             ;
; Disable Register Merging Across Hierarchies                                ; Auto               ; Auto               ;
; Resource Aware Inference For Block RAM                                     ; On                 ; On                 ;
; Synthesis Seed                                                             ; 1                  ; 1                  ;
+----------------------------------------------------------------------------+--------------------+--------------------+


+------------------------------------------+
; Parallel Compilation                     ;
+----------------------------+-------------+
; Processors                 ; Number      ;
+----------------------------+-------------+
; Number detected on machine ; 8           ;
; Maximum allowed            ; 4           ;
;                            ;             ;
; Average used               ; 1.00        ;
; Maximum used               ; 4           ;
;                            ;             ;
; Usage by Processor         ; % Time Used ;
;     Processor 1            ; 100.0%      ;
;     Processors 2-4         ; < 0.1%      ;
;     Processors 5-8         ;   0.0%      ;
+----------------------------+-------------+


+------------------------------------------------------------------------------------------------------------------------------------------------------------------------+
; Analysis & Synthesis Source Files Read                                                                                                                                 ;
+------------------------------------+-----------------+------------------------+------------------------------------------------------------------------------+---------+
; File Name with User-Entered Path   ; Used in Netlist ; File Type              ; File Name with Absolute Path                                                 ; Library ;
+------------------------------------+-----------------+------------------------+------------------------------------------------------------------------------+---------+
; ../src/rtl/ALU/divider_s.v         ; yes             ; User Verilog HDL File  ; D:/summer_vacation_2023/022_UART_CAL_PROJECT/src/rtl/ALU/divider_s.v         ;         ;
; ../src/rtl/ALU/delay.v             ; yes             ; User Verilog HDL File  ; D:/summer_vacation_2023/022_UART_CAL_PROJECT/src/rtl/ALU/delay.v             ;         ;
; ../src/rtl/top.v                   ; yes             ; User Verilog HDL File  ; D:/summer_vacation_2023/022_UART_CAL_PROJECT/src/rtl/top.v                   ;         ;
; ../src/rtl/PARSER/encorder.v       ; yes             ; User Verilog HDL File  ; D:/summer_vacation_2023/022_UART_CAL_PROJECT/src/rtl/PARSER/encorder.v       ;         ;
; ../src/rtl/PARSER/decorder.v       ; yes             ; User Verilog HDL File  ; D:/summer_vacation_2023/022_UART_CAL_PROJECT/src/rtl/PARSER/decorder.v       ;         ;
; ../src/rtl/UART/uart.v             ; yes             ; User Verilog HDL File  ; D:/summer_vacation_2023/022_UART_CAL_PROJECT/src/rtl/UART/uart.v             ;         ;
; ../src/rtl/UART/tx.v               ; yes             ; User Verilog HDL File  ; D:/summer_vacation_2023/022_UART_CAL_PROJECT/src/rtl/UART/tx.v               ;         ;
; ../src/rtl/UART/rx.v               ; yes             ; User Verilog HDL File  ; D:/summer_vacation_2023/022_UART_CAL_PROJECT/src/rtl/UART/rx.v               ;         ;
; ../src/rtl/UART/gen_en.v           ; yes             ; User Verilog HDL File  ; D:/summer_vacation_2023/022_UART_CAL_PROJECT/src/rtl/UART/gen_en.v           ;         ;
; ../src/rtl/ALU/mul_u.v             ; yes             ; User Verilog HDL File  ; D:/summer_vacation_2023/022_UART_CAL_PROJECT/src/rtl/ALU/mul_u.v             ;         ;
; ../src/rtl/ALU/mul_s.v             ; yes             ; User Verilog HDL File  ; D:/summer_vacation_2023/022_UART_CAL_PROJECT/src/rtl/ALU/mul_s.v             ;         ;
; ../src/rtl/ALU/divider_u.v         ; yes             ; User Verilog HDL File  ; D:/summer_vacation_2023/022_UART_CAL_PROJECT/src/rtl/ALU/divider_u.v         ;         ;
; ../src/rtl/ALU/alu.v               ; yes             ; User Verilog HDL File  ; D:/summer_vacation_2023/022_UART_CAL_PROJECT/src/rtl/ALU/alu.v               ;         ;
; ../src/rtl/ALU/CLA/full_adder.v    ; yes             ; User Verilog HDL File  ; D:/summer_vacation_2023/022_UART_CAL_PROJECT/src/rtl/ALU/CLA/full_adder.v    ;         ;
; ../src/rtl/ALU/CLA/cla_unit_4bit.v ; yes             ; User Verilog HDL File  ; D:/summer_vacation_2023/022_UART_CAL_PROJECT/src/rtl/ALU/CLA/cla_unit_4bit.v ;         ;
; ../src/rtl/ALU/CLA/cla_32bit.v     ; yes             ; User Verilog HDL File  ; D:/summer_vacation_2023/022_UART_CAL_PROJECT/src/rtl/ALU/CLA/cla_32bit.v     ;         ;
; ../src/rtl/ALU/CLA/cla_16bit.v     ; yes             ; User Verilog HDL File  ; D:/summer_vacation_2023/022_UART_CAL_PROJECT/src/rtl/ALU/CLA/cla_16bit.v     ;         ;
; ../src/rtl/ALU/CLA/cla_8bit.v      ; yes             ; User Verilog HDL File  ; D:/summer_vacation_2023/022_UART_CAL_PROJECT/src/rtl/ALU/CLA/cla_8bit.v      ;         ;
; ../src/rtl/ALU/CLA/cla_4bit.v      ; yes             ; User Verilog HDL File  ; D:/summer_vacation_2023/022_UART_CAL_PROJECT/src/rtl/ALU/CLA/cla_4bit.v      ;         ;
+------------------------------------+-----------------+------------------------+------------------------------------------------------------------------------+---------+


+---------------------------------------------------------+
; Analysis & Synthesis Resource Usage Summary             ;
+---------------------------------------------+-----------+
; Resource                                    ; Usage     ;
+---------------------------------------------+-----------+
; Estimated Total logic elements              ; 1,046     ;
;                                             ;           ;
; Total combinational functions               ; 943       ;
; Logic element usage by number of LUT inputs ;           ;
;     -- 4 input functions                    ; 349       ;
;     -- 3 input functions                    ; 401       ;
;     -- <=2 input functions                  ; 193       ;
;                                             ;           ;
; Logic elements by mode                      ;           ;
;     -- normal mode                          ; 703       ;
;     -- arithmetic mode                      ; 240       ;
;                                             ;           ;
; Total registers                             ; 447       ;
;     -- Dedicated logic registers            ; 447       ;
;     -- I/O registers                        ; 0         ;
;                                             ;           ;
; I/O pins                                    ; 4         ;
; Embedded Multiplier 9-bit elements          ; 0         ;
; Maximum fan-out node                        ; clk~input ;
; Maximum fan-out                             ; 447       ;
; Total fan-out                               ; 4803      ;
; Average fan-out                             ; 3.44      ;
+---------------------------------------------+-----------+


+---------------------------------------------------------------------------------------------------------------------------------------------------------------------------------------------------------------------------------------------------------------------------------+
; Analysis & Synthesis Resource Utilization by Entity                                                                                                                                                                                                                             ;
+---------------------------------------+-------------------+--------------+-------------+--------------+---------+-----------+------+--------------+--------------------------------------------------------------------------------------------------------------+--------------+
; Compilation Hierarchy Node            ; LC Combinationals ; LC Registers ; Memory Bits ; DSP Elements ; DSP 9x9 ; DSP 18x18 ; Pins ; Virtual Pins ; Full Hierarchy Name                                                                                          ; Library Name ;
+---------------------------------------+-------------------+--------------+-------------+--------------+---------+-----------+------+--------------+--------------------------------------------------------------------------------------------------------------+--------------+
; |top                                  ; 943 (1)           ; 447 (0)      ; 0           ; 0            ; 0       ; 0         ; 4    ; 0            ; |top                                                                                                         ; work         ;
;    |alu:dut_alu|                      ; 765 (259)         ; 296 (40)     ; 0           ; 0            ; 0       ; 0         ; 0    ; 0            ; |top|alu:dut_alu                                                                                             ; work         ;
;       |cla_16bit:dut_cla_16bit_s_u|   ; 34 (0)            ; 0 (0)        ; 0           ; 0            ; 0       ; 0         ; 0    ; 0            ; |top|alu:dut_alu|cla_16bit:dut_cla_16bit_s_u                                                                 ; work         ;
;          |cla_8bit:CLA00|             ; 16 (0)            ; 0 (0)        ; 0           ; 0            ; 0       ; 0         ; 0    ; 0            ; |top|alu:dut_alu|cla_16bit:dut_cla_16bit_s_u|cla_8bit:CLA00                                                  ; work         ;
;             |cla_4bit:CLA00|          ; 6 (0)             ; 0 (0)        ; 0           ; 0            ; 0       ; 0         ; 0    ; 0            ; |top|alu:dut_alu|cla_16bit:dut_cla_16bit_s_u|cla_8bit:CLA00|cla_4bit:CLA00                                   ; work         ;
;                |cla_unit_4bit:CLA|    ; 4 (4)             ; 0 (0)        ; 0           ; 0            ; 0       ; 0         ; 0    ; 0            ; |top|alu:dut_alu|cla_16bit:dut_cla_16bit_s_u|cla_8bit:CLA00|cla_4bit:CLA00|cla_unit_4bit:CLA                 ; work         ;
;                |full_adder:f02|       ; 1 (1)             ; 0 (0)        ; 0           ; 0            ; 0       ; 0         ; 0    ; 0            ; |top|alu:dut_alu|cla_16bit:dut_cla_16bit_s_u|cla_8bit:CLA00|cla_4bit:CLA00|full_adder:f02                    ; work         ;
;                |full_adder:f03|       ; 1 (1)             ; 0 (0)        ; 0           ; 0            ; 0       ; 0         ; 0    ; 0            ; |top|alu:dut_alu|cla_16bit:dut_cla_16bit_s_u|cla_8bit:CLA00|cla_4bit:CLA00|full_adder:f03                    ; work         ;
;             |cla_4bit:CLA01|          ; 10 (0)            ; 0 (0)        ; 0           ; 0            ; 0       ; 0         ; 0    ; 0            ; |top|alu:dut_alu|cla_16bit:dut_cla_16bit_s_u|cla_8bit:CLA00|cla_4bit:CLA01                                   ; work         ;
;                |cla_unit_4bit:CLA|    ; 6 (6)             ; 0 (0)        ; 0           ; 0            ; 0       ; 0         ; 0    ; 0            ; |top|alu:dut_alu|cla_16bit:dut_cla_16bit_s_u|cla_8bit:CLA00|cla_4bit:CLA01|cla_unit_4bit:CLA                 ; work         ;
;                |full_adder:f00|       ; 1 (1)             ; 0 (0)        ; 0           ; 0            ; 0       ; 0         ; 0    ; 0            ; |top|alu:dut_alu|cla_16bit:dut_cla_16bit_s_u|cla_8bit:CLA00|cla_4bit:CLA01|full_adder:f00                    ; work         ;
;                |full_adder:f01|       ; 1 (1)             ; 0 (0)        ; 0           ; 0            ; 0       ; 0         ; 0    ; 0            ; |top|alu:dut_alu|cla_16bit:dut_cla_16bit_s_u|cla_8bit:CLA00|cla_4bit:CLA01|full_adder:f01                    ; work         ;
;                |full_adder:f02|       ; 1 (1)             ; 0 (0)        ; 0           ; 0            ; 0       ; 0         ; 0    ; 0            ; |top|alu:dut_alu|cla_16bit:dut_cla_16bit_s_u|cla_8bit:CLA00|cla_4bit:CLA01|full_adder:f02                    ; work         ;
;                |full_adder:f03|       ; 1 (1)             ; 0 (0)        ; 0           ; 0            ; 0       ; 0         ; 0    ; 0            ; |top|alu:dut_alu|cla_16bit:dut_cla_16bit_s_u|cla_8bit:CLA00|cla_4bit:CLA01|full_adder:f03                    ; work         ;
;          |cla_8bit:CLA01|             ; 18 (0)            ; 0 (0)        ; 0           ; 0            ; 0       ; 0         ; 0    ; 0            ; |top|alu:dut_alu|cla_16bit:dut_cla_16bit_s_u|cla_8bit:CLA01                                                  ; work         ;
;             |cla_4bit:CLA00|          ; 10 (0)            ; 0 (0)        ; 0           ; 0            ; 0       ; 0         ; 0    ; 0            ; |top|alu:dut_alu|cla_16bit:dut_cla_16bit_s_u|cla_8bit:CLA01|cla_4bit:CLA00                                   ; work         ;
;                |cla_unit_4bit:CLA|    ; 6 (6)             ; 0 (0)        ; 0           ; 0            ; 0       ; 0         ; 0    ; 0            ; |top|alu:dut_alu|cla_16bit:dut_cla_16bit_s_u|cla_8bit:CLA01|cla_4bit:CLA00|cla_unit_4bit:CLA                 ; work         ;
;                |full_adder:f00|       ; 1 (1)             ; 0 (0)        ; 0           ; 0            ; 0       ; 0         ; 0    ; 0            ; |top|alu:dut_alu|cla_16bit:dut_cla_16bit_s_u|cla_8bit:CLA01|cla_4bit:CLA00|full_adder:f00                    ; work         ;
;                |full_adder:f01|       ; 1 (1)             ; 0 (0)        ; 0           ; 0            ; 0       ; 0         ; 0    ; 0            ; |top|alu:dut_alu|cla_16bit:dut_cla_16bit_s_u|cla_8bit:CLA01|cla_4bit:CLA00|full_adder:f01                    ; work         ;
;                |full_adder:f02|       ; 1 (1)             ; 0 (0)        ; 0           ; 0            ; 0       ; 0         ; 0    ; 0            ; |top|alu:dut_alu|cla_16bit:dut_cla_16bit_s_u|cla_8bit:CLA01|cla_4bit:CLA00|full_adder:f02                    ; work         ;
;                |full_adder:f03|       ; 1 (1)             ; 0 (0)        ; 0           ; 0            ; 0       ; 0         ; 0    ; 0            ; |top|alu:dut_alu|cla_16bit:dut_cla_16bit_s_u|cla_8bit:CLA01|cla_4bit:CLA00|full_adder:f03                    ; work         ;
;             |cla_4bit:CLA01|          ; 8 (0)             ; 0 (0)        ; 0           ; 0            ; 0       ; 0         ; 0    ; 0            ; |top|alu:dut_alu|cla_16bit:dut_cla_16bit_s_u|cla_8bit:CLA01|cla_4bit:CLA01                                   ; work         ;
;                |cla_unit_4bit:CLA|    ; 3 (3)             ; 0 (0)        ; 0           ; 0            ; 0       ; 0         ; 0    ; 0            ; |top|alu:dut_alu|cla_16bit:dut_cla_16bit_s_u|cla_8bit:CLA01|cla_4bit:CLA01|cla_unit_4bit:CLA                 ; work         ;
;                |full_adder:f00|       ; 1 (1)             ; 0 (0)        ; 0           ; 0            ; 0       ; 0         ; 0    ; 0            ; |top|alu:dut_alu|cla_16bit:dut_cla_16bit_s_u|cla_8bit:CLA01|cla_4bit:CLA01|full_adder:f00                    ; work         ;
;                |full_adder:f01|       ; 1 (1)             ; 0 (0)        ; 0           ; 0            ; 0       ; 0         ; 0    ; 0            ; |top|alu:dut_alu|cla_16bit:dut_cla_16bit_s_u|cla_8bit:CLA01|cla_4bit:CLA01|full_adder:f01                    ; work         ;
;                |full_adder:f02|       ; 1 (1)             ; 0 (0)        ; 0           ; 0            ; 0       ; 0         ; 0    ; 0            ; |top|alu:dut_alu|cla_16bit:dut_cla_16bit_s_u|cla_8bit:CLA01|cla_4bit:CLA01|full_adder:f02                    ; work         ;
;                |full_adder:f03|       ; 2 (2)             ; 0 (0)        ; 0           ; 0            ; 0       ; 0         ; 0    ; 0            ; |top|alu:dut_alu|cla_16bit:dut_cla_16bit_s_u|cla_8bit:CLA01|cla_4bit:CLA01|full_adder:f03                    ; work         ;
;       |cla_32bit:dut_cla_32bit_a_s|   ; 37 (0)            ; 0 (0)        ; 0           ; 0            ; 0       ; 0         ; 0    ; 0            ; |top|alu:dut_alu|cla_32bit:dut_cla_32bit_a_s                                                                 ; work         ;
;          |cla_16bit:CLA00|            ; 36 (0)            ; 0 (0)        ; 0           ; 0            ; 0       ; 0         ; 0    ; 0            ; |top|alu:dut_alu|cla_32bit:dut_cla_32bit_a_s|cla_16bit:CLA00                                                 ; work         ;
;             |cla_8bit:CLA00|          ; 16 (0)            ; 0 (0)        ; 0           ; 0            ; 0       ; 0         ; 0    ; 0            ; |top|alu:dut_alu|cla_32bit:dut_cla_32bit_a_s|cla_16bit:CLA00|cla_8bit:CLA00                                  ; work         ;
;                |cla_4bit:CLA00|       ; 6 (0)             ; 0 (0)        ; 0           ; 0            ; 0       ; 0         ; 0    ; 0            ; |top|alu:dut_alu|cla_32bit:dut_cla_32bit_a_s|cla_16bit:CLA00|cla_8bit:CLA00|cla_4bit:CLA00                   ; work         ;
;                   |cla_unit_4bit:CLA| ; 4 (4)             ; 0 (0)        ; 0           ; 0            ; 0       ; 0         ; 0    ; 0            ; |top|alu:dut_alu|cla_32bit:dut_cla_32bit_a_s|cla_16bit:CLA00|cla_8bit:CLA00|cla_4bit:CLA00|cla_unit_4bit:CLA ; work         ;
;                   |full_adder:f02|    ; 1 (1)             ; 0 (0)        ; 0           ; 0            ; 0       ; 0         ; 0    ; 0            ; |top|alu:dut_alu|cla_32bit:dut_cla_32bit_a_s|cla_16bit:CLA00|cla_8bit:CLA00|cla_4bit:CLA00|full_adder:f02    ; work         ;
;                   |full_adder:f03|    ; 1 (1)             ; 0 (0)        ; 0           ; 0            ; 0       ; 0         ; 0    ; 0            ; |top|alu:dut_alu|cla_32bit:dut_cla_32bit_a_s|cla_16bit:CLA00|cla_8bit:CLA00|cla_4bit:CLA00|full_adder:f03    ; work         ;
;                |cla_4bit:CLA01|       ; 10 (0)            ; 0 (0)        ; 0           ; 0            ; 0       ; 0         ; 0    ; 0            ; |top|alu:dut_alu|cla_32bit:dut_cla_32bit_a_s|cla_16bit:CLA00|cla_8bit:CLA00|cla_4bit:CLA01                   ; work         ;
;                   |cla_unit_4bit:CLA| ; 6 (6)             ; 0 (0)        ; 0           ; 0            ; 0       ; 0         ; 0    ; 0            ; |top|alu:dut_alu|cla_32bit:dut_cla_32bit_a_s|cla_16bit:CLA00|cla_8bit:CLA00|cla_4bit:CLA01|cla_unit_4bit:CLA ; work         ;
;                   |full_adder:f00|    ; 1 (1)             ; 0 (0)        ; 0           ; 0            ; 0       ; 0         ; 0    ; 0            ; |top|alu:dut_alu|cla_32bit:dut_cla_32bit_a_s|cla_16bit:CLA00|cla_8bit:CLA00|cla_4bit:CLA01|full_adder:f00    ; work         ;
;                   |full_adder:f01|    ; 1 (1)             ; 0 (0)        ; 0           ; 0            ; 0       ; 0         ; 0    ; 0            ; |top|alu:dut_alu|cla_32bit:dut_cla_32bit_a_s|cla_16bit:CLA00|cla_8bit:CLA00|cla_4bit:CLA01|full_adder:f01    ; work         ;
;                   |full_adder:f02|    ; 1 (1)             ; 0 (0)        ; 0           ; 0            ; 0       ; 0         ; 0    ; 0            ; |top|alu:dut_alu|cla_32bit:dut_cla_32bit_a_s|cla_16bit:CLA00|cla_8bit:CLA00|cla_4bit:CLA01|full_adder:f02    ; work         ;
;                   |full_adder:f03|    ; 1 (1)             ; 0 (0)        ; 0           ; 0            ; 0       ; 0         ; 0    ; 0            ; |top|alu:dut_alu|cla_32bit:dut_cla_32bit_a_s|cla_16bit:CLA00|cla_8bit:CLA00|cla_4bit:CLA01|full_adder:f03    ; work         ;
;             |cla_8bit:CLA01|          ; 20 (0)            ; 0 (0)        ; 0           ; 0            ; 0       ; 0         ; 0    ; 0            ; |top|alu:dut_alu|cla_32bit:dut_cla_32bit_a_s|cla_16bit:CLA00|cla_8bit:CLA01                                  ; work         ;
;                |cla_4bit:CLA00|       ; 10 (0)            ; 0 (0)        ; 0           ; 0            ; 0       ; 0         ; 0    ; 0            ; |top|alu:dut_alu|cla_32bit:dut_cla_32bit_a_s|cla_16bit:CLA00|cla_8bit:CLA01|cla_4bit:CLA00                   ; work         ;
;                   |cla_unit_4bit:CLA| ; 6 (6)             ; 0 (0)        ; 0           ; 0            ; 0       ; 0         ; 0    ; 0            ; |top|alu:dut_alu|cla_32bit:dut_cla_32bit_a_s|cla_16bit:CLA00|cla_8bit:CLA01|cla_4bit:CLA00|cla_unit_4bit:CLA ; work         ;
;                   |full_adder:f00|    ; 1 (1)             ; 0 (0)        ; 0           ; 0            ; 0       ; 0         ; 0    ; 0            ; |top|alu:dut_alu|cla_32bit:dut_cla_32bit_a_s|cla_16bit:CLA00|cla_8bit:CLA01|cla_4bit:CLA00|full_adder:f00    ; work         ;
;                   |full_adder:f01|    ; 1 (1)             ; 0 (0)        ; 0           ; 0            ; 0       ; 0         ; 0    ; 0            ; |top|alu:dut_alu|cla_32bit:dut_cla_32bit_a_s|cla_16bit:CLA00|cla_8bit:CLA01|cla_4bit:CLA00|full_adder:f01    ; work         ;
;                   |full_adder:f02|    ; 1 (1)             ; 0 (0)        ; 0           ; 0            ; 0       ; 0         ; 0    ; 0            ; |top|alu:dut_alu|cla_32bit:dut_cla_32bit_a_s|cla_16bit:CLA00|cla_8bit:CLA01|cla_4bit:CLA00|full_adder:f02    ; work         ;
;                   |full_adder:f03|    ; 1 (1)             ; 0 (0)        ; 0           ; 0            ; 0       ; 0         ; 0    ; 0            ; |top|alu:dut_alu|cla_32bit:dut_cla_32bit_a_s|cla_16bit:CLA00|cla_8bit:CLA01|cla_4bit:CLA00|full_adder:f03    ; work         ;
;                |cla_4bit:CLA01|       ; 10 (0)            ; 0 (0)        ; 0           ; 0            ; 0       ; 0         ; 0    ; 0            ; |top|alu:dut_alu|cla_32bit:dut_cla_32bit_a_s|cla_16bit:CLA00|cla_8bit:CLA01|cla_4bit:CLA01                   ; work         ;
;                   |cla_unit_4bit:CLA| ; 6 (6)             ; 0 (0)        ; 0           ; 0            ; 0       ; 0         ; 0    ; 0            ; |top|alu:dut_alu|cla_32bit:dut_cla_32bit_a_s|cla_16bit:CLA00|cla_8bit:CLA01|cla_4bit:CLA01|cla_unit_4bit:CLA ; work         ;
;                   |full_adder:f00|    ; 1 (1)             ; 0 (0)        ; 0           ; 0            ; 0       ; 0         ; 0    ; 0            ; |top|alu:dut_alu|cla_32bit:dut_cla_32bit_a_s|cla_16bit:CLA00|cla_8bit:CLA01|cla_4bit:CLA01|full_adder:f00    ; work         ;
;                   |full_adder:f01|    ; 1 (1)             ; 0 (0)        ; 0           ; 0            ; 0       ; 0         ; 0    ; 0            ; |top|alu:dut_alu|cla_32bit:dut_cla_32bit_a_s|cla_16bit:CLA00|cla_8bit:CLA01|cla_4bit:CLA01|full_adder:f01    ; work         ;
;                   |full_adder:f02|    ; 1 (1)             ; 0 (0)        ; 0           ; 0            ; 0       ; 0         ; 0    ; 0            ; |top|alu:dut_alu|cla_32bit:dut_cla_32bit_a_s|cla_16bit:CLA00|cla_8bit:CLA01|cla_4bit:CLA01|full_adder:f02    ; work         ;
;                   |full_adder:f03|    ; 1 (1)             ; 0 (0)        ; 0           ; 0            ; 0       ; 0         ; 0    ; 0            ; |top|alu:dut_alu|cla_32bit:dut_cla_32bit_a_s|cla_16bit:CLA00|cla_8bit:CLA01|cla_4bit:CLA01|full_adder:f03    ; work         ;
;          |cla_16bit:CLA01|            ; 1 (0)             ; 0 (0)        ; 0           ; 0            ; 0       ; 0         ; 0    ; 0            ; |top|alu:dut_alu|cla_32bit:dut_cla_32bit_a_s|cla_16bit:CLA01                                                 ; work         ;
;             |cla_8bit:CLA01|          ; 1 (0)             ; 0 (0)        ; 0           ; 0            ; 0       ; 0         ; 0    ; 0            ; |top|alu:dut_alu|cla_32bit:dut_cla_32bit_a_s|cla_16bit:CLA01|cla_8bit:CLA01                                  ; work         ;
;                |cla_4bit:CLA01|       ; 1 (0)             ; 0 (0)        ; 0           ; 0            ; 0       ; 0         ; 0    ; 0            ; |top|alu:dut_alu|cla_32bit:dut_cla_32bit_a_s|cla_16bit:CLA01|cla_8bit:CLA01|cla_4bit:CLA01                   ; work         ;
;                   |full_adder:f00|    ; 1 (1)             ; 0 (0)        ; 0           ; 0            ; 0       ; 0         ; 0    ; 0            ; |top|alu:dut_alu|cla_32bit:dut_cla_32bit_a_s|cla_16bit:CLA01|cla_8bit:CLA01|cla_4bit:CLA01|full_adder:f00    ; work         ;
;       |cla_32bit:dut_cla_32bit_s_s|   ; 44 (0)            ; 0 (0)        ; 0           ; 0            ; 0       ; 0         ; 0    ; 0            ; |top|alu:dut_alu|cla_32bit:dut_cla_32bit_s_s                                                                 ; work         ;
;          |cla_16bit:CLA00|            ; 41 (0)            ; 0 (0)        ; 0           ; 0            ; 0       ; 0         ; 0    ; 0            ; |top|alu:dut_alu|cla_32bit:dut_cla_32bit_s_s|cla_16bit:CLA00                                                 ; work         ;
;             |cla_8bit:CLA00|          ; 19 (0)            ; 0 (0)        ; 0           ; 0            ; 0       ; 0         ; 0    ; 0            ; |top|alu:dut_alu|cla_32bit:dut_cla_32bit_s_s|cla_16bit:CLA00|cla_8bit:CLA00                                  ; work         ;
;                |cla_4bit:CLA00|       ; 7 (0)             ; 0 (0)        ; 0           ; 0            ; 0       ; 0         ; 0    ; 0            ; |top|alu:dut_alu|cla_32bit:dut_cla_32bit_s_s|cla_16bit:CLA00|cla_8bit:CLA00|cla_4bit:CLA00                   ; work         ;
;                   |cla_unit_4bit:CLA| ; 4 (4)             ; 0 (0)        ; 0           ; 0            ; 0       ; 0         ; 0    ; 0            ; |top|alu:dut_alu|cla_32bit:dut_cla_32bit_s_s|cla_16bit:CLA00|cla_8bit:CLA00|cla_4bit:CLA00|cla_unit_4bit:CLA ; work         ;
;                   |full_adder:f00|    ; 1 (1)             ; 0 (0)        ; 0           ; 0            ; 0       ; 0         ; 0    ; 0            ; |top|alu:dut_alu|cla_32bit:dut_cla_32bit_s_s|cla_16bit:CLA00|cla_8bit:CLA00|cla_4bit:CLA00|full_adder:f00    ; work         ;
;                   |full_adder:f02|    ; 1 (1)             ; 0 (0)        ; 0           ; 0            ; 0       ; 0         ; 0    ; 0            ; |top|alu:dut_alu|cla_32bit:dut_cla_32bit_s_s|cla_16bit:CLA00|cla_8bit:CLA00|cla_4bit:CLA00|full_adder:f02    ; work         ;
;                   |full_adder:f03|    ; 1 (1)             ; 0 (0)        ; 0           ; 0            ; 0       ; 0         ; 0    ; 0            ; |top|alu:dut_alu|cla_32bit:dut_cla_32bit_s_s|cla_16bit:CLA00|cla_8bit:CLA00|cla_4bit:CLA00|full_adder:f03    ; work         ;
;                |cla_4bit:CLA01|       ; 12 (0)            ; 0 (0)        ; 0           ; 0            ; 0       ; 0         ; 0    ; 0            ; |top|alu:dut_alu|cla_32bit:dut_cla_32bit_s_s|cla_16bit:CLA00|cla_8bit:CLA00|cla_4bit:CLA01                   ; work         ;
;                   |cla_unit_4bit:CLA| ; 8 (8)             ; 0 (0)        ; 0           ; 0            ; 0       ; 0         ; 0    ; 0            ; |top|alu:dut_alu|cla_32bit:dut_cla_32bit_s_s|cla_16bit:CLA00|cla_8bit:CLA00|cla_4bit:CLA01|cla_unit_4bit:CLA ; work         ;
;                   |full_adder:f00|    ; 1 (1)             ; 0 (0)        ; 0           ; 0            ; 0       ; 0         ; 0    ; 0            ; |top|alu:dut_alu|cla_32bit:dut_cla_32bit_s_s|cla_16bit:CLA00|cla_8bit:CLA00|cla_4bit:CLA01|full_adder:f00    ; work         ;
;                   |full_adder:f01|    ; 1 (1)             ; 0 (0)        ; 0           ; 0            ; 0       ; 0         ; 0    ; 0            ; |top|alu:dut_alu|cla_32bit:dut_cla_32bit_s_s|cla_16bit:CLA00|cla_8bit:CLA00|cla_4bit:CLA01|full_adder:f01    ; work         ;
;                   |full_adder:f02|    ; 1 (1)             ; 0 (0)        ; 0           ; 0            ; 0       ; 0         ; 0    ; 0            ; |top|alu:dut_alu|cla_32bit:dut_cla_32bit_s_s|cla_16bit:CLA00|cla_8bit:CLA00|cla_4bit:CLA01|full_adder:f02    ; work         ;
;                   |full_adder:f03|    ; 1 (1)             ; 0 (0)        ; 0           ; 0            ; 0       ; 0         ; 0    ; 0            ; |top|alu:dut_alu|cla_32bit:dut_cla_32bit_s_s|cla_16bit:CLA00|cla_8bit:CLA00|cla_4bit:CLA01|full_adder:f03    ; work         ;
;             |cla_8bit:CLA01|          ; 22 (0)            ; 0 (0)        ; 0           ; 0            ; 0       ; 0         ; 0    ; 0            ; |top|alu:dut_alu|cla_32bit:dut_cla_32bit_s_s|cla_16bit:CLA00|cla_8bit:CLA01                                  ; work         ;
;                |cla_4bit:CLA00|       ; 12 (0)            ; 0 (0)        ; 0           ; 0            ; 0       ; 0         ; 0    ; 0            ; |top|alu:dut_alu|cla_32bit:dut_cla_32bit_s_s|cla_16bit:CLA00|cla_8bit:CLA01|cla_4bit:CLA00                   ; work         ;
;                   |cla_unit_4bit:CLA| ; 8 (8)             ; 0 (0)        ; 0           ; 0            ; 0       ; 0         ; 0    ; 0            ; |top|alu:dut_alu|cla_32bit:dut_cla_32bit_s_s|cla_16bit:CLA00|cla_8bit:CLA01|cla_4bit:CLA00|cla_unit_4bit:CLA ; work         ;
;                   |full_adder:f00|    ; 1 (1)             ; 0 (0)        ; 0           ; 0            ; 0       ; 0         ; 0    ; 0            ; |top|alu:dut_alu|cla_32bit:dut_cla_32bit_s_s|cla_16bit:CLA00|cla_8bit:CLA01|cla_4bit:CLA00|full_adder:f00    ; work         ;
;                   |full_adder:f01|    ; 1 (1)             ; 0 (0)        ; 0           ; 0            ; 0       ; 0         ; 0    ; 0            ; |top|alu:dut_alu|cla_32bit:dut_cla_32bit_s_s|cla_16bit:CLA00|cla_8bit:CLA01|cla_4bit:CLA00|full_adder:f01    ; work         ;
;                   |full_adder:f02|    ; 1 (1)             ; 0 (0)        ; 0           ; 0            ; 0       ; 0         ; 0    ; 0            ; |top|alu:dut_alu|cla_32bit:dut_cla_32bit_s_s|cla_16bit:CLA00|cla_8bit:CLA01|cla_4bit:CLA00|full_adder:f02    ; work         ;
;                   |full_adder:f03|    ; 1 (1)             ; 0 (0)        ; 0           ; 0            ; 0       ; 0         ; 0    ; 0            ; |top|alu:dut_alu|cla_32bit:dut_cla_32bit_s_s|cla_16bit:CLA00|cla_8bit:CLA01|cla_4bit:CLA00|full_adder:f03    ; work         ;
;                |cla_4bit:CLA01|       ; 10 (0)            ; 0 (0)        ; 0           ; 0            ; 0       ; 0         ; 0    ; 0            ; |top|alu:dut_alu|cla_32bit:dut_cla_32bit_s_s|cla_16bit:CLA00|cla_8bit:CLA01|cla_4bit:CLA01                   ; work         ;
;                   |cla_unit_4bit:CLA| ; 6 (6)             ; 0 (0)        ; 0           ; 0            ; 0       ; 0         ; 0    ; 0            ; |top|alu:dut_alu|cla_32bit:dut_cla_32bit_s_s|cla_16bit:CLA00|cla_8bit:CLA01|cla_4bit:CLA01|cla_unit_4bit:CLA ; work         ;
;                   |full_adder:f00|    ; 1 (1)             ; 0 (0)        ; 0           ; 0            ; 0       ; 0         ; 0    ; 0            ; |top|alu:dut_alu|cla_32bit:dut_cla_32bit_s_s|cla_16bit:CLA00|cla_8bit:CLA01|cla_4bit:CLA01|full_adder:f00    ; work         ;
;                   |full_adder:f01|    ; 1 (1)             ; 0 (0)        ; 0           ; 0            ; 0       ; 0         ; 0    ; 0            ; |top|alu:dut_alu|cla_32bit:dut_cla_32bit_s_s|cla_16bit:CLA00|cla_8bit:CLA01|cla_4bit:CLA01|full_adder:f01    ; work         ;
;                   |full_adder:f02|    ; 1 (1)             ; 0 (0)        ; 0           ; 0            ; 0       ; 0         ; 0    ; 0            ; |top|alu:dut_alu|cla_32bit:dut_cla_32bit_s_s|cla_16bit:CLA00|cla_8bit:CLA01|cla_4bit:CLA01|full_adder:f02    ; work         ;
;                   |full_adder:f03|    ; 1 (1)             ; 0 (0)        ; 0           ; 0            ; 0       ; 0         ; 0    ; 0            ; |top|alu:dut_alu|cla_32bit:dut_cla_32bit_s_s|cla_16bit:CLA00|cla_8bit:CLA01|cla_4bit:CLA01|full_adder:f03    ; work         ;
;          |cla_16bit:CLA01|            ; 3 (0)             ; 0 (0)        ; 0           ; 0            ; 0       ; 0         ; 0    ; 0            ; |top|alu:dut_alu|cla_32bit:dut_cla_32bit_s_s|cla_16bit:CLA01                                                 ; work         ;
;             |cla_8bit:CLA01|          ; 3 (0)             ; 0 (0)        ; 0           ; 0            ; 0       ; 0         ; 0    ; 0            ; |top|alu:dut_alu|cla_32bit:dut_cla_32bit_s_s|cla_16bit:CLA01|cla_8bit:CLA01                                  ; work         ;
;                |cla_4bit:CLA01|       ; 3 (0)             ; 0 (0)        ; 0           ; 0            ; 0       ; 0         ; 0    ; 0            ; |top|alu:dut_alu|cla_32bit:dut_cla_32bit_s_s|cla_16bit:CLA01|cla_8bit:CLA01|cla_4bit:CLA01                   ; work         ;
;                   |full_adder:f00|    ; 1 (1)             ; 0 (0)        ; 0           ; 0            ; 0       ; 0         ; 0    ; 0            ; |top|alu:dut_alu|cla_32bit:dut_cla_32bit_s_s|cla_16bit:CLA01|cla_8bit:CLA01|cla_4bit:CLA01|full_adder:f00    ; work         ;
;                   |full_adder:f01|    ; 1 (1)             ; 0 (0)        ; 0           ; 0            ; 0       ; 0         ; 0    ; 0            ; |top|alu:dut_alu|cla_32bit:dut_cla_32bit_s_s|cla_16bit:CLA01|cla_8bit:CLA01|cla_4bit:CLA01|full_adder:f01    ; work         ;
;                   |full_adder:f02|    ; 1 (1)             ; 0 (0)        ; 0           ; 0            ; 0       ; 0         ; 0    ; 0            ; |top|alu:dut_alu|cla_32bit:dut_cla_32bit_s_s|cla_16bit:CLA01|cla_8bit:CLA01|cla_4bit:CLA01|full_adder:f02    ; work         ;
;       |delay:dut_delay|               ; 3 (3)             ; 3 (3)        ; 0           ; 0            ; 0       ; 0         ; 0    ; 0            ; |top|alu:dut_alu|delay:dut_delay                                                                             ; work         ;
;       |divider_s:dut_divider_s|       ; 127 (127)         ; 56 (56)      ; 0           ; 0            ; 0       ; 0         ; 0    ; 0            ; |top|alu:dut_alu|divider_s:dut_divider_s                                                                     ; work         ;
;       |divider_u:dut_divider_u|       ; 111 (111)         ; 56 (56)      ; 0           ; 0            ; 0       ; 0         ; 0    ; 0            ; |top|alu:dut_alu|divider_u:dut_divider_u                                                                     ; work         ;
;       |mul_s:dut_mul_s|               ; 90 (90)           ; 70 (70)      ; 0           ; 0            ; 0       ; 0         ; 0    ; 0            ; |top|alu:dut_alu|mul_s:dut_mul_s                                                                             ; work         ;
;       |mul_u:dut_mul_u|               ; 60 (60)           ; 71 (71)      ; 0           ; 0            ; 0       ; 0         ; 0    ; 0            ; |top|alu:dut_alu|mul_u:dut_mul_u                                                                             ; work         ;
;    |decorder:d1|                      ; 53 (53)           ; 53 (53)      ; 0           ; 0            ; 0       ; 0         ; 0    ; 0            ; |top|decorder:d1                                                                                             ; work         ;
;    |encorder:dut_encorder|            ; 50 (50)           ; 54 (54)      ; 0           ; 0            ; 0       ; 0         ; 0    ; 0            ; |top|encorder:dut_encorder                                                                                   ; work         ;
;    |uart:dut_uart|                    ; 74 (0)            ; 44 (0)       ; 0           ; 0            ; 0       ; 0         ; 0    ; 0            ; |top|uart:dut_uart                                                                                           ; work         ;
;       |gen_en:dut_gen_en|             ; 20 (20)           ; 9 (9)        ; 0           ; 0            ; 0       ; 0         ; 0    ; 0            ; |top|uart:dut_uart|gen_en:dut_gen_en                                                                         ; work         ;
;       |rx:dut_rx|                     ; 26 (26)           ; 17 (17)      ; 0           ; 0            ; 0       ; 0         ; 0    ; 0            ; |top|uart:dut_uart|rx:dut_rx                                                                                 ; work         ;
;       |tx:dut_tx|                     ; 28 (28)           ; 18 (18)      ; 0           ; 0            ; 0       ; 0         ; 0    ; 0            ; |top|uart:dut_uart|tx:dut_tx                                                                                 ; work         ;
+---------------------------------------+-------------------+--------------+-------------+--------------+---------+-----------+------+--------------+--------------------------------------------------------------------------------------------------------------+--------------+
Note: For table entries with two numbers listed, the numbers in parentheses indicate the number of resources of the given type used by the specific entity alone. The numbers listed outside of parentheses indicate the total resources of the given type used by the specific entity and all of its sub-entities in the hierarchy.


Encoding Type:  One-Hot
+--------------------------------------------------------------------------------------------------------+
; State Machine - |top|encorder:dut_encorder|state                                                       ;
+------------------+----------------+-----------------+------------------+------------+------------------+
; Name             ; state.UART_END ; state.UART_DATA ; state.UART_SHIFT ; state.IDLE ; state.UART_VALID ;
+------------------+----------------+-----------------+------------------+------------+------------------+
; state.IDLE       ; 0              ; 0               ; 0                ; 0          ; 0                ;
; state.UART_SHIFT ; 0              ; 0               ; 1                ; 1          ; 0                ;
; state.UART_DATA  ; 0              ; 1               ; 0                ; 1          ; 0                ;
; state.UART_END   ; 1              ; 0               ; 0                ; 1          ; 0                ;
; state.UART_VALID ; 0              ; 0               ; 0                ; 1          ; 1                ;
+------------------+----------------+-----------------+------------------+------------+------------------+


Encoding Type:  One-Hot
+-----------------------------------------------------------------------------------------------------------------------------------------+
; State Machine - |top|decorder:d1|state                                                                                                  ;
+-----------------+----------------+-------------+--------------+-----------------+--------------+------------+--------------+------------+
; Name            ; state.END_DATA ; state.EQUAL ; state.DATA_2 ; state.OPERATION ; state.DATA_1 ; state.TYPE ; state.FORMAT ; state.IDLE ;
+-----------------+----------------+-------------+--------------+-----------------+--------------+------------+--------------+------------+
; state.IDLE      ; 0              ; 0           ; 0            ; 0               ; 0            ; 0          ; 0            ; 0          ;
; state.FORMAT    ; 0              ; 0           ; 0            ; 0               ; 0            ; 0          ; 1            ; 1          ;
; state.TYPE      ; 0              ; 0           ; 0            ; 0               ; 0            ; 1          ; 0            ; 1          ;
; state.DATA_1    ; 0              ; 0           ; 0            ; 0               ; 1            ; 0          ; 0            ; 1          ;
; state.OPERATION ; 0              ; 0           ; 0            ; 1               ; 0            ; 0          ; 0            ; 1          ;
; state.DATA_2    ; 0              ; 0           ; 1            ; 0               ; 0            ; 0          ; 0            ; 1          ;
; state.EQUAL     ; 0              ; 1           ; 0            ; 0               ; 0            ; 0          ; 0            ; 1          ;
; state.END_DATA  ; 1              ; 0           ; 0            ; 0               ; 0            ; 0          ; 0            ; 1          ;
+-----------------+----------------+-------------+--------------+-----------------+--------------+------------+--------------+------------+


Encoding Type:  One-Hot
+---------------------------------------------------------------------------------+
; State Machine - |top|uart:dut_uart|tx:dut_tx|tx_state                           ;
+----------------+---------------+---------------+----------------+---------------+
; Name           ; tx_state.STOP ; tx_state.DATA ; tx_state.START ; tx_state.IDLE ;
+----------------+---------------+---------------+----------------+---------------+
; tx_state.IDLE  ; 0             ; 0             ; 0              ; 0             ;
; tx_state.START ; 0             ; 0             ; 1              ; 1             ;
; tx_state.DATA  ; 0             ; 1             ; 0              ; 1             ;
; tx_state.STOP  ; 1             ; 0             ; 0              ; 1             ;
+----------------+---------------+---------------+----------------+---------------+


Encoding Type:  One-Hot
+---------------------------------------------------------------+
; State Machine - |top|uart:dut_uart|rx:dut_rx|rx_state         ;
+---------------+---------------+---------------+---------------+
; Name          ; rx_state.IDLE ; rx_state.STOP ; rx_state.DATA ;
+---------------+---------------+---------------+---------------+
; rx_state.IDLE ; 0             ; 0             ; 0             ;
; rx_state.DATA ; 1             ; 0             ; 1             ;
; rx_state.STOP ; 1             ; 1             ; 0             ;
+---------------+---------------+---------------+---------------+


+---------------------------------------------------------------------------------------------+
; Registers Removed During Synthesis                                                          ;
+----------------------------------------+----------------------------------------------------+
; Register name                          ; Reason for Removal                                 ;
+----------------------------------------+----------------------------------------------------+
; decorder:d1|dtype_d[2,3]               ; Stuck at GND due to stuck port data_in             ;
; alu:dut_alu|dtype_s[2,3]               ; Stuck at GND due to stuck port data_in             ;
; alu:dut_alu|mul_s:dut_mul_s|A[14]      ; Merged with alu:dut_alu|mul_s:dut_mul_s|A[15]      ;
; alu:dut_alu|mul_s:dut_mul_s|result[30] ; Merged with alu:dut_alu|mul_s:dut_mul_s|result[31] ;
; decorder:d1|op_d[4]                    ; Stuck at GND due to stuck port data_in             ;
; alu:dut_alu|op_s[4]                    ; Stuck at GND due to stuck port data_in             ;
; encorder:dut_encorder|uart_out_d[7]    ; Stuck at GND due to stuck port data_in             ;
; encorder:dut_encorder|state~4          ; Lost fanout                                        ;
; encorder:dut_encorder|state~5          ; Lost fanout                                        ;
; decorder:d1|state~4                    ; Lost fanout                                        ;
; decorder:d1|state~5                    ; Lost fanout                                        ;
; decorder:d1|state~6                    ; Lost fanout                                        ;
; uart:dut_uart|tx:dut_tx|tx_state~4     ; Lost fanout                                        ;
; uart:dut_uart|tx:dut_tx|tx_state~5     ; Lost fanout                                        ;
; uart:dut_uart|tx:dut_tx|tx_state~6     ; Lost fanout                                        ;
; uart:dut_uart|rx:dut_rx|rx_state~6     ; Lost fanout                                        ;
; Total Number of Removed Registers = 18 ;                                                    ;
+----------------------------------------+----------------------------------------------------+


+---------------------------------------------------------------------------------------------+
; Removed Registers Triggering Further Register Optimizations                                 ;
+------------------------+---------------------------+----------------------------------------+
; Register name          ; Reason for Removal        ; Registers Removed due to This Register ;
+------------------------+---------------------------+----------------------------------------+
; decorder:d1|dtype_d[3] ; Stuck at GND              ; alu:dut_alu|dtype_s[3]                 ;
;                        ; due to stuck port data_in ;                                        ;
; decorder:d1|dtype_d[2] ; Stuck at GND              ; alu:dut_alu|dtype_s[2]                 ;
;                        ; due to stuck port data_in ;                                        ;
; decorder:d1|op_d[4]    ; Stuck at GND              ; alu:dut_alu|op_s[4]                    ;
;                        ; due to stuck port data_in ;                                        ;
+------------------------+---------------------------+----------------------------------------+


+------------------------------------------------------+
; General Register Statistics                          ;
+----------------------------------------------+-------+
; Statistic                                    ; Value ;
+----------------------------------------------+-------+
; Total registers                              ; 447   ;
; Number of registers using Synchronous Clear  ; 77    ;
; Number of registers using Synchronous Load   ; 75    ;
; Number of registers using Asynchronous Clear ; 447   ;
; Number of registers using Asynchronous Load  ; 0     ;
; Number of registers using Clock Enable       ; 263   ;
; Number of registers using Preset             ; 0     ;
+----------------------------------------------+-------+


+--------------------------------------------------------+
; Inverted Register Statistics                           ;
+----------------------------------------------+---------+
; Inverted Register                            ; Fan out ;
+----------------------------------------------+---------+
; alu:dut_alu|mul_u:dut_mul_u|count[4]         ; 4       ;
; alu:dut_alu|divider_s:dut_divider_s|count[4] ; 4       ;
; alu:dut_alu|mul_s:dut_mul_s|count[4]         ; 3       ;
; alu:dut_alu|divider_u:dut_divider_u|count[4] ; 4       ;
; uart:dut_uart|tx:dut_tx|txd                  ; 1       ;
; encorder:dut_encorder|cnt[3]                 ; 3       ;
; Total number of inverted registers = 6       ;         ;
+----------------------------------------------+---------+


+-------------------------------------------------------------------------------------------------------------------------------------------------------------+
; Multiplexer Restructuring Statistics (Restructuring Performed)                                                                                              ;
+--------------------+-----------+---------------+----------------------+------------------------+------------+-----------------------------------------------+
; Multiplexer Inputs ; Bus Width ; Baseline Area ; Area if Restructured ; Saving if Restructured ; Registered ; Example Multiplexer Output                    ;
+--------------------+-----------+---------------+----------------------+------------------------+------------+-----------------------------------------------+
; 3:1                ; 4 bits    ; 8 LEs         ; 4 LEs                ; 4 LEs                  ; Yes        ; |top|encorder:dut_encorder|shift_result[1]    ;
; 3:1                ; 28 bits   ; 56 LEs        ; 28 LEs               ; 28 LEs                 ; Yes        ; |top|encorder:dut_encorder|shift_result[6]    ;
; 3:1                ; 3 bits    ; 6 LEs         ; 3 LEs                ; 3 LEs                  ; Yes        ; |top|encorder:dut_encorder|cnt[0]             ;
; 3:1                ; 8 bits    ; 16 LEs        ; 8 LEs                ; 8 LEs                  ; Yes        ; |top|uart:dut_uart|rx:dut_rx|fnd_rxd[7]       ;
; 3:1                ; 15 bits   ; 30 LEs        ; 30 LEs               ; 0 LEs                  ; Yes        ; |top|alu:dut_alu|mul_u:dut_mul_u|A[5]         ;
; 4:1                ; 3 bits    ; 6 LEs         ; 3 LEs                ; 3 LEs                  ; Yes        ; |top|decorder:d1|cnt_1[1]                     ;
; 4:1                ; 3 bits    ; 6 LEs         ; 3 LEs                ; 3 LEs                  ; Yes        ; |top|decorder:d1|cnt_2[2]                     ;
; 4:1                ; 7 bits    ; 14 LEs        ; 14 LEs               ; 0 LEs                  ; Yes        ; |top|uart:dut_uart|tx:dut_tx|shift_data[5]    ;
; 3:1                ; 16 bits   ; 32 LEs        ; 16 LEs               ; 16 LEs                 ; Yes        ; |top|alu:dut_alu|divider_u:dut_divider_u|q[0] ;
; 5:1                ; 4 bits    ; 12 LEs        ; 8 LEs                ; 4 LEs                  ; Yes        ; |top|decorder:d1|op_d[1]                      ;
; 4:1                ; 15 bits   ; 30 LEs        ; 30 LEs               ; 0 LEs                  ; Yes        ; |top|alu:dut_alu|divider_s:dut_divider_s|q[1] ;
; 4:1                ; 14 bits   ; 28 LEs        ; 28 LEs               ; 0 LEs                  ; Yes        ; |top|alu:dut_alu|mul_s:dut_mul_s|A[7]         ;
; 66:1               ; 8 bits    ; 352 LEs       ; 80 LEs               ; 272 LEs                ; Yes        ; |top|decorder:d1|src1_d[0]                    ;
; 9:1                ; 16 bits   ; 96 LEs        ; 64 LEs               ; 32 LEs                 ; Yes        ; |top|alu:dut_alu|result_d[1]                  ;
; 10:1               ; 15 bits   ; 90 LEs        ; 90 LEs               ; 0 LEs                  ; Yes        ; |top|alu:dut_alu|result_d[26]                 ;
; 4:1                ; 4 bits    ; 8 LEs         ; 8 LEs                ; 0 LEs                  ; No         ; |top|uart:dut_uart|tx:dut_tx|tx_n_cnt[2]      ;
; 4:1                ; 4 bits    ; 8 LEs         ; 8 LEs                ; 0 LEs                  ; No         ; |top|uart:dut_uart|rx:dut_rx|rx_n_cnt[0]      ;
+--------------------+-----------+---------------+----------------------+------------------------+------------+-----------------------------------------------+


+--------------------------------------------------------------------------+
; Parameter Settings for User Entity Instance: alu:dut_alu|delay:dut_delay ;
+----------------+-------+-------------------------------------------------+
; Parameter Name ; Value ; Type                                            ;
+----------------+-------+-------------------------------------------------+
; N              ; 2     ; Signed Integer                                  ;
+----------------+-------+-------------------------------------------------+
Note: In order to hide this table in the UI and the text report file, please set the "Show Parameter Settings in Synthesis Report" option in "Analysis and Synthesis Settings -> More Settings" to "Off".


+----------------------------------------------------------------------------------------------------------------+
; Port Connectivity Checks: "encorder:dut_encorder|gen_en:dut_gen_en"                                            ;
+------+--------+----------+-------------------------------------------------------------------------------------+
; Port ; Type   ; Severity ; Details                                                                             ;
+------+--------+----------+-------------------------------------------------------------------------------------+
; txen ; Output ; Info     ; Connected to dangling logic. Logic that only feeds a dangling port will be removed. ;
; rxen ; Output ; Info     ; Connected to dangling logic. Logic that only feeds a dangling port will be removed. ;
+------+--------+----------+-------------------------------------------------------------------------------------+


+-----------------------------------------------------------------------------------------------------------------+
; Port Connectivity Checks: "alu:dut_alu|cla_32bit:dut_cla_32bit_s_s"                                             ;
+-------+--------+----------+-------------------------------------------------------------------------------------+
; Port  ; Type   ; Severity ; Details                                                                             ;
+-------+--------+----------+-------------------------------------------------------------------------------------+
; c_in  ; Input  ; Info     ; Stuck at GND                                                                        ;
; c_out ; Output ; Info     ; Connected to dangling logic. Logic that only feeds a dangling port will be removed. ;
+-------+--------+----------+-------------------------------------------------------------------------------------+


+-----------------------------------------------------------------------------------------------------------------+
; Port Connectivity Checks: "alu:dut_alu|cla_32bit:dut_cla_32bit_a_s"                                             ;
+-------+--------+----------+-------------------------------------------------------------------------------------+
; Port  ; Type   ; Severity ; Details                                                                             ;
+-------+--------+----------+-------------------------------------------------------------------------------------+
; c_in  ; Input  ; Info     ; Stuck at GND                                                                        ;
; c_out ; Output ; Info     ; Connected to dangling logic. Logic that only feeds a dangling port will be removed. ;
+-------+--------+----------+-------------------------------------------------------------------------------------+


+-----------------------------------------------------------------------------------------------------------------+
; Port Connectivity Checks: "alu:dut_alu|cla_16bit:dut_cla_16bit_s_u"                                             ;
+-------+--------+----------+-------------------------------------------------------------------------------------+
; Port  ; Type   ; Severity ; Details                                                                             ;
+-------+--------+----------+-------------------------------------------------------------------------------------+
; c_in  ; Input  ; Info     ; Stuck at GND                                                                        ;
; c_out ; Output ; Info     ; Connected to dangling logic. Logic that only feeds a dangling port will be removed. ;
+-------+--------+----------+-------------------------------------------------------------------------------------+


+---------------------------------------------------------------------+
; Port Connectivity Checks: "alu:dut_alu|cla_16bit:dut_cla_16bit_a_u" ;
+------+-------+----------+-------------------------------------------+
; Port ; Type  ; Severity ; Details                                   ;
+------+-------+----------+-------------------------------------------+
; c_in ; Input ; Info     ; Stuck at GND                              ;
+------+-------+----------+-------------------------------------------+


+-------------------------------+
; Elapsed Time Per Partition    ;
+----------------+--------------+
; Partition Name ; Elapsed Time ;
+----------------+--------------+
; Top            ; 00:00:01     ;
+----------------+--------------+


+-------------------------------+
; Analysis & Synthesis Messages ;
+-------------------------------+
Info: *******************************************************************
Info: Running Quartus II 64-Bit Analysis & Synthesis
    Info: Version 13.1.0 Build 162 10/23/2013 SJ Web Edition
    Info: Processing started: Tue Aug 22 14:10:24 2023
Info: Command: quartus_map --read_settings_files=on --write_settings_files=off top -c top
Info (11104): Parallel Compilation has detected 8 hyper-threaded processors. However, the extra hyper-threaded processors will not be used by default. Parallel Compilation will use 4 of the 4 physical processors detected instead.
Info (12021): Found 1 design units, including 1 entities, in source file /summer_vacation_2023/022_uart_cal_project/src/rtl/alu/divider_s.v
    Info (12023): Found entity 1: divider_s
Info (12021): Found 1 design units, including 1 entities, in source file /summer_vacation_2023/022_uart_cal_project/src/rtl/alu/delay.v
    Info (12023): Found entity 1: delay
Info (12021): Found 1 design units, including 1 entities, in source file /summer_vacation_2023/022_uart_cal_project/src/rtl/top.v
    Info (12023): Found entity 1: top
Info (12021): Found 1 design units, including 1 entities, in source file /summer_vacation_2023/022_uart_cal_project/src/rtl/parser/encorder.v
    Info (12023): Found entity 1: encorder
Info (12021): Found 1 design units, including 1 entities, in source file /summer_vacation_2023/022_uart_cal_project/src/rtl/parser/decorder.v
    Info (12023): Found entity 1: decorder
Info (12021): Found 1 design units, including 1 entities, in source file /summer_vacation_2023/022_uart_cal_project/src/rtl/uart/uart.v
    Info (12023): Found entity 1: uart
Info (12021): Found 1 design units, including 1 entities, in source file /summer_vacation_2023/022_uart_cal_project/src/rtl/uart/tx.v
    Info (12023): Found entity 1: tx
Info (12021): Found 1 design units, including 1 entities, in source file /summer_vacation_2023/022_uart_cal_project/src/rtl/uart/rx.v
    Info (12023): Found entity 1: rx
Info (12021): Found 1 design units, including 1 entities, in source file /summer_vacation_2023/022_uart_cal_project/src/rtl/uart/gen_en.v
    Info (12023): Found entity 1: gen_en
Info (12021): Found 1 design units, including 1 entities, in source file /summer_vacation_2023/022_uart_cal_project/src/rtl/alu/mul_u.v
    Info (12023): Found entity 1: mul_u
Info (12021): Found 1 design units, including 1 entities, in source file /summer_vacation_2023/022_uart_cal_project/src/rtl/alu/mul_s.v
    Info (12023): Found entity 1: mul_s
Info (12021): Found 1 design units, including 1 entities, in source file /summer_vacation_2023/022_uart_cal_project/src/rtl/alu/divider_u.v
    Info (12023): Found entity 1: divider_u
Info (12021): Found 1 design units, including 1 entities, in source file /summer_vacation_2023/022_uart_cal_project/src/rtl/alu/alu.v
    Info (12023): Found entity 1: alu
Info (12021): Found 1 design units, including 1 entities, in source file /summer_vacation_2023/022_uart_cal_project/src/rtl/alu/cla/full_adder.v
    Info (12023): Found entity 1: full_adder
Info (12021): Found 1 design units, including 1 entities, in source file /summer_vacation_2023/022_uart_cal_project/src/rtl/alu/cla/cla_unit_4bit.v
    Info (12023): Found entity 1: cla_unit_4bit
Info (12021): Found 1 design units, including 1 entities, in source file /summer_vacation_2023/022_uart_cal_project/src/rtl/alu/cla/cla_32bit.v
    Info (12023): Found entity 1: cla_32bit
Info (12021): Found 1 design units, including 1 entities, in source file /summer_vacation_2023/022_uart_cal_project/src/rtl/alu/cla/cla_16bit.v
    Info (12023): Found entity 1: cla_16bit
Info (12021): Found 1 design units, including 1 entities, in source file /summer_vacation_2023/022_uart_cal_project/src/rtl/alu/cla/cla_8bit.v
    Info (12023): Found entity 1: cla_8bit
Info (12021): Found 1 design units, including 1 entities, in source file /summer_vacation_2023/022_uart_cal_project/src/rtl/alu/cla/cla_4bit.v
    Info (12023): Found entity 1: cla_4bit
Info (12127): Elaborating entity "top" for the top level hierarchy
Info (12128): Elaborating entity "uart" for hierarchy "uart:dut_uart"
Info (12128): Elaborating entity "gen_en" for hierarchy "uart:dut_uart|gen_en:dut_gen_en"
Info (12128): Elaborating entity "rx" for hierarchy "uart:dut_uart|rx:dut_rx"
Info (12128): Elaborating entity "tx" for hierarchy "uart:dut_uart|tx:dut_tx"
Info (12128): Elaborating entity "decorder" for hierarchy "decorder:d1"
Info (12128): Elaborating entity "alu" for hierarchy "alu:dut_alu"
Warning (10036): Verilog HDL or VHDL warning at alu.v(110): object "src1_not" assigned a value but never read
Info (12128): Elaborating entity "divider_u" for hierarchy "alu:dut_alu|divider_u:dut_divider_u"
Info (12128): Elaborating entity "divider_s" for hierarchy "alu:dut_alu|divider_s:dut_divider_s"
Info (12128): Elaborating entity "mul_s" for hierarchy "alu:dut_alu|mul_s:dut_mul_s"
Info (12128): Elaborating entity "mul_u" for hierarchy "alu:dut_alu|mul_u:dut_mul_u"
Info (12128): Elaborating entity "delay" for hierarchy "alu:dut_alu|delay:dut_delay"
Info (12128): Elaborating entity "cla_16bit" for hierarchy "alu:dut_alu|cla_16bit:dut_cla_16bit_a_u"
Info (12128): Elaborating entity "cla_8bit" for hierarchy "alu:dut_alu|cla_16bit:dut_cla_16bit_a_u|cla_8bit:CLA00"
Info (12128): Elaborating entity "cla_4bit" for hierarchy "alu:dut_alu|cla_16bit:dut_cla_16bit_a_u|cla_8bit:CLA00|cla_4bit:CLA00"
Info (12128): Elaborating entity "cla_unit_4bit" for hierarchy "alu:dut_alu|cla_16bit:dut_cla_16bit_a_u|cla_8bit:CLA00|cla_4bit:CLA00|cla_unit_4bit:CLA"
Info (12128): Elaborating entity "full_adder" for hierarchy "alu:dut_alu|cla_16bit:dut_cla_16bit_a_u|cla_8bit:CLA00|cla_4bit:CLA00|full_adder:f00"
Info (12128): Elaborating entity "cla_32bit" for hierarchy "alu:dut_alu|cla_32bit:dut_cla_32bit_a_s"
Info (12128): Elaborating entity "encorder" for hierarchy "encorder:dut_encorder"
Info (13000): Registers with preset signals will power-up high
Info (13003): DEV_CLRn pin will set, and not reset, register with preset signal due to NOT Gate Push-Back
Info (286030): Timing-Driven Synthesis is running
Info (17049): 9 registers lost all their fanouts during netlist optimizations.
Info (144001): Generated suppressed messages file D:/summer_vacation_2023/022_UART_CAL_PROJECT/FPGA/output_files/top.map.smsg
Info (16010): Generating hard_block partition "hard_block:auto_generated_inst"
    Info (16011): Adding 0 node(s), including 0 DDIO, 0 PLL, 0 transceiver and 0 LCELL
Info (21057): Implemented 1059 device resources after synthesis - the final resource count might be different
    Info (21058): Implemented 3 input pins
    Info (21059): Implemented 1 output pins
    Info (21061): Implemented 1055 logic cells
Info: Quartus II 64-Bit Analysis & Synthesis was successful. 0 errors, 1 warning
    Info: Peak virtual memory: 4646 megabytes
    Info: Processing ended: Tue Aug 22 14:10:27 2023
    Info: Elapsed time: 00:00:03
    Info: Total CPU time (on all processors): 00:00:02


+------------------------------------------+
; Analysis & Synthesis Suppressed Messages ;
+------------------------------------------+
The suppressed messages can be found in D:/summer_vacation_2023/022_UART_CAL_PROJECT/FPGA/output_files/top.map.smsg.


